PES1202200001
PES1202200002
PES1202200003
PES1202200004
